Op#	ALUSel	InputA		InputB		ALU_Output
00	3	00004040	00000f0f	00004f4f
01	3	ffffdead	ffffbeef	ffff9d9c
02	3	00007fff	00000001	00008000
03	3	00000000	00000000	00000000
